Info: Starting: Create simulation model
Info: qsys-generate C:\GitHub\step_fpga\cores\onchip_flash\onchip_flash.qsys --simulation=VERILOG --allow-mixed-language-simulation --output-directory=C:\GitHub\step_fpga\cores\onchip_flash\onchip_flash\simulation --family="MAX 10" --part=10M08SCM153C8G
Progress: Loading onchip_flash/onchip_flash.qsys
Progress: Reading input file
Progress: Adding onchip_flash_0 [altera_onchip_flash 16.1]
Progress: Parameterizing module onchip_flash_0
Progress: Building connections
Progress: Parameterizing connections
Progress: Validating
Progress: Done reading input file
Info: onchip_flash: Generating onchip_flash "onchip_flash" for SIM_VERILOG
Info: onchip_flash_0: "onchip_flash" instantiated altera_onchip_flash "onchip_flash_0"
Info: onchip_flash: Done "onchip_flash" with 2 modules, 5 files
Info: qsys-generate succeeded.
Info: Finished: Create simulation model
Info: Starting: Create Modelsim Project.
Info: sim-script-gen --spd=C:\GitHub\step_fpga\cores\onchip_flash\onchip_flash\onchip_flash.spd --output-directory=C:/GitHub/step_fpga/cores/onchip_flash/onchip_flash/simulation/ --use-relative-paths=true
Info: Doing: ip-make-simscript --spd=C:\GitHub\step_fpga\cores\onchip_flash\onchip_flash\onchip_flash.spd --output-directory=C:/GitHub/step_fpga/cores/onchip_flash/onchip_flash/simulation/ --use-relative-paths=true
Info: Generating the following file(s) for MODELSIM simulator in C:/GitHub/step_fpga/cores/onchip_flash/onchip_flash/simulation/ directory:
Info: 	mentor/msim_setup.tcl
Info: Generating the following file(s) for VCS simulator in C:/GitHub/step_fpga/cores/onchip_flash/onchip_flash/simulation/ directory:
Info: 	synopsys/vcs/vcs_setup.sh
Info: Generating the following file(s) for VCSMX simulator in C:/GitHub/step_fpga/cores/onchip_flash/onchip_flash/simulation/ directory:
Info: 	synopsys/vcsmx/synopsys_sim.setup
Info: 	synopsys/vcsmx/vcsmx_setup.sh
Info: Generating the following file(s) for NCSIM simulator in C:/GitHub/step_fpga/cores/onchip_flash/onchip_flash/simulation/ directory:
Info: 	cadence/cds.lib
Info: 	cadence/hdl.var
Info: 	cadence/ncsim_setup.sh
Info: 	1 .cds.lib files in cadence/cds_libs/ directory
Info: Generating the following file(s) for RIVIERA simulator in C:/GitHub/step_fpga/cores/onchip_flash/onchip_flash/simulation/ directory:
Info: 	aldec/rivierapro_setup.tcl
Info: For information on how to simulate your IP, see the explanatory comments in the simulator-specific subdirectories under C:/GitHub/step_fpga/cores/onchip_flash/onchip_flash/simulation/.
Info: Regenerate these scripts whenever you make any change to any Quartus-generated IP in your project.
Info: Finished: Create Modelsim Project.
Info: Starting: Create block symbol file (.bsf)
Info: qsys-generate C:\GitHub\step_fpga\cores\onchip_flash\onchip_flash.qsys --block-symbol-file --output-directory=C:\GitHub\step_fpga\cores\onchip_flash\onchip_flash --family="MAX 10" --part=10M08SCM153C8G
Progress: Loading onchip_flash/onchip_flash.qsys
Progress: Reading input file
Progress: Adding onchip_flash_0 [altera_onchip_flash 16.1]
Progress: Parameterizing module onchip_flash_0
Progress: Building connections
Progress: Parameterizing connections
Progress: Validating
Progress: Done reading input file
Info: qsys-generate succeeded.
Info: Finished: Create block symbol file (.bsf)
Info: 
Info: Starting: Create HDL design files for synthesis
Info: qsys-generate C:\GitHub\step_fpga\cores\onchip_flash\onchip_flash.qsys --synthesis=VERILOG --greybox --output-directory=C:\GitHub\step_fpga\cores\onchip_flash\onchip_flash\synthesis --family="MAX 10" --part=10M08SCM153C8G
Progress: Loading onchip_flash/onchip_flash.qsys
Progress: Reading input file
Progress: Adding onchip_flash_0 [altera_onchip_flash 16.1]
Progress: Parameterizing module onchip_flash_0
Progress: Building connections
Progress: Parameterizing connections
Progress: Validating
Progress: Done reading input file
Info: onchip_flash: Generating onchip_flash "onchip_flash" for QUARTUS_SYNTH
Info: onchip_flash_0: Generating top-level entity altera_onchip_flash
Info: onchip_flash_0: "onchip_flash" instantiated altera_onchip_flash "onchip_flash_0"
Info: onchip_flash: Done "onchip_flash" with 2 modules, 7 files
Info: Generating third-party timing and resource estimation model ...
Info: Done generating third-party timing and resource estimation model.
Info: qsys-generate succeeded.
Info: Finished: Create HDL design files for synthesis
